// Jest Snapshot v1, https://goo.gl/fbAQLP

exports[`App component matches snapshot 1`] = `
<BrowserRouter>
  <div
    className="app-router"
  >
    <Header />
    <Switch>
      <Route
        component={[Function]}
        exact={true}
        path="/cookbot/week/:week?"
      />
      <Route
        component={[Function]}
        exact={true}
        path="/eggs"
      />
      <Route
        component={[Function]}
        exact={true}
        path="/"
      />
      <Redirect
        push={false}
        to="/"
      />
    </Switch>
  </div>
</BrowserRouter>
`;
