// Jest Snapshot v1, https://goo.gl/fbAQLP

exports[`Week component matches snapshot 1`] = `
<div
  className="content week"
>
  <div
    className="centered"
  >
    loading something good...
  </div>
</div>
`;
